// Jest Snapshot v1, https://goo.gl/fbAQLP

exports[`components/LoadingSpinner it renders correctly 1`] = `
<PivotalLogo
  className="LoadingSpinner__container"
  fill="#ffffff"
/>
`;
