// Jest Snapshot v1, https://goo.gl/fbAQLP

exports[`components/Well it renders correctly 1`] = `
<div
  className="Well__container clearfix"
/>
`;
