// Jest Snapshot v1, https://goo.gl/fbAQLP

exports[`components/App it renders correctly 1`] = `
<AppContainer>
  <PivotalStories
    fetchResources={[Function]}
    storage={[Function]}
    storyIds={
      Array [
        "1234",
        "5678",
      ]
    }
  />
</AppContainer>
`;
